// Jest Snapshot v1, https://goo.gl/fbAQLP

exports[`Rates component renders Rates correctly 1`] = `
Object {
  "asFragment": [Function],
  "baseElement": <body>
    <div>
      <div
        class="cases-by-symbol"
      >
        <span
          class="topheading"
        />
        <div
          class="search-by-symbol"
        >
          <div
            class="filter-inputs"
          >
            <span>
               
            </span>
            <span>
              CURRENCY SYMBOLS
            </span>
          </div>
        </div>
        <div
          class="flex-container-details"
        >
          <div>
             
            <span>
              DATE:
               
               
            </span>
             
            <span>
              BASE:
               
            </span>
             
            EXCHANGE RATES
          </div>
        </div>
      </div>
    </div>
  </body>,
  "container": <div>
    <div
      class="cases-by-symbol"
    >
      <span
        class="topheading"
      />
      <div
        class="search-by-symbol"
      >
        <div
          class="filter-inputs"
        >
          <span>
             
          </span>
          <span>
            CURRENCY SYMBOLS
          </span>
        </div>
      </div>
      <div
        class="flex-container-details"
      >
        <div>
           
          <span>
            DATE:
             
             
          </span>
           
          <span>
            BASE:
             
          </span>
           
          EXCHANGE RATES
        </div>
      </div>
    </div>
  </div>,
  "debug": [Function],
  "findAllByAltText": [Function],
  "findAllByDisplayValue": [Function],
  "findAllByLabelText": [Function],
  "findAllByPlaceholderText": [Function],
  "findAllByRole": [Function],
  "findAllByTestId": [Function],
  "findAllByText": [Function],
  "findAllByTitle": [Function],
  "findByAltText": [Function],
  "findByDisplayValue": [Function],
  "findByLabelText": [Function],
  "findByPlaceholderText": [Function],
  "findByRole": [Function],
  "findByTestId": [Function],
  "findByText": [Function],
  "findByTitle": [Function],
  "getAllByAltText": [Function],
  "getAllByDisplayValue": [Function],
  "getAllByLabelText": [Function],
  "getAllByPlaceholderText": [Function],
  "getAllByRole": [Function],
  "getAllByTestId": [Function],
  "getAllByText": [Function],
  "getAllByTitle": [Function],
  "getByAltText": [Function],
  "getByDisplayValue": [Function],
  "getByLabelText": [Function],
  "getByPlaceholderText": [Function],
  "getByRole": [Function],
  "getByTestId": [Function],
  "getByText": [Function],
  "getByTitle": [Function],
  "queryAllByAltText": [Function],
  "queryAllByDisplayValue": [Function],
  "queryAllByLabelText": [Function],
  "queryAllByPlaceholderText": [Function],
  "queryAllByRole": [Function],
  "queryAllByTestId": [Function],
  "queryAllByText": [Function],
  "queryAllByTitle": [Function],
  "queryByAltText": [Function],
  "queryByDisplayValue": [Function],
  "queryByLabelText": [Function],
  "queryByPlaceholderText": [Function],
  "queryByRole": [Function],
  "queryByTestId": [Function],
  "queryByText": [Function],
  "queryByTitle": [Function],
  "rerender": [Function],
  "unmount": [Function],
}
`;
